2026-08-27 16:34:15.720 | INFO  | fr.upjv.consommateur.ConsommateurSauvegarde | 🔥 Serveur de métriques Prometheus démarré sur le port 8082
2026-08-27 16:34:15.737 | INFO  | fr.upjv.consommateur.ConsommateurSauvegarde | ╔══════════════════════════════════════════════════════╗
2026-08-27 16:34:15.738 | INFO  | fr.upjv.consommateur.ConsommateurSauvegarde | ╔══════════════════════════════════════════════════════╗
2026-08-27 16:34:15.738 | INFO  | fr.upjv.consommateur.ConsommateurSauvegarde | ║   CONSOMMATEUR SAUVEGARDE – démarrage                ║
2026-08-27 16:34:15.738 | INFO  | fr.upjv.consommateur.ConsommateurSauvegarde | ╠══════════════════════════════════════════════════════╣
2026-08-27 16:34:15.744 | INFO  | fr.upjv.consommateur.ConsommateurSauvegarde | ║   Kafka  : kafka1:19092
2026-08-27 16:34:15.744 | INFO  | fr.upjv.consommateur.ConsommateurSauvegarde | ║   Topic  : capteurs-topic
2026-08-27 16:34:15.745 | INFO  | fr.upjv.consommateur.ConsommateurSauvegarde | ║   DB URL : jdbc:postgresql://postgres:5432/capteurs_db
2026-08-27 16:34:15.745 | INFO  | fr.upjv.consommateur.ConsommateurSauvegarde | ╚══════════════════════════════════════════════════════╝
2026-08-27 16:34:16.180 | INFO  | fr.upjv.consommateur.ConsommateurSauvegarde | ✅ Connexion PostgreSQL établie sur jdbc:postgresql://postgres:5432/capteurs_db
2026-08-27 16:34:16.465 | INFO  | fr.upjv.consommateur.ConsommateurSauvegarde | 📡 Abonné au topic 'capteurs-topic'
2026-08-27 16:34:23.150 | INFO  | fr.upjv.consommateur.ConsommateurSauvegarde | 💾 Sauvegardé → ville=Arrondissement de Lyon, valeur=30.76°C
2026-08-27 16:34:23.159 | INFO  | fr.upjv.consommateur.ConsommateurSauvegarde | 💾 Sauvegardé → ville=Paris, valeur=25.62°C
2026-08-27 16:34:23.166 | INFO  | fr.upjv.consommateur.ConsommateurSauvegarde | 💾 Sauvegardé → ville=Amiens, valeur=26.55°C
2026-08-27 16:34:26.746 | INFO  | fr.upjv.consommateur.ConsommateurSauvegarde | 💾 Sauvegardé → ville=Arrondissement de Lyon, valeur=30.76°C
2026-08-27 16:34:26.755 | INFO  | fr.upjv.consommateur.ConsommateurSauvegarde | 💾 Sauvegardé → ville=Amiens, valeur=26.55°C
2026-08-27 16:34:26.759 | INFO  | fr.upjv.consommateur.ConsommateurSauvegarde | 💾 Sauvegardé → ville=Paris, valeur=25.62°C
2026-08-27 16:35:26.904 | INFO  | fr.upjv.consommateur.ConsommateurSauvegarde | 💾 Sauvegardé → ville=Amiens, valeur=26.55°C
2026-08-27 16:35:26.911 | INFO  | fr.upjv.consommateur.ConsommateurSauvegarde | 💾 Sauvegardé → ville=Paris, valeur=25.62°C
2026-08-27 16:35:26.920 | INFO  | fr.upjv.consommateur.ConsommateurSauvegarde | 💾 Sauvegardé → ville=Arrondissement de Lyon, valeur=30.76°C
2026-08-27 16:36:27.010 | INFO  | fr.upjv.consommateur.ConsommateurSauvegarde | 💾 Sauvegardé → ville=Amiens, valeur=26.55°C
2026-08-27 16:36:27.016 | INFO  | fr.upjv.consommateur.ConsommateurSauvegarde | 💾 Sauvegardé → ville=Paris, valeur=25.62°C
2026-08-27 16:36:27.021 | INFO  | fr.upjv.consommateur.ConsommateurSauvegarde | 💾 Sauvegardé → ville=Arrondissement de Lyon, valeur=30.76°C
2026-08-27 16:37:22.574 | INFO  | fr.upjv.consommateur.ConsommateurSauvegarde | ⛔ Arrêt demandé — fermeture du consumer...
2026-08-27 16:39:19.238 | INFO  | fr.upjv.consommateur.ConsommateurSauvegarde | 🔥 Serveur de métriques Prometheus démarré sur le port 8082
2026-08-27 16:39:19.247 | INFO  | fr.upjv.consommateur.ConsommateurSauvegarde | ╔══════════════════════════════════════════════════════╗
2026-08-27 16:39:19.248 | INFO  | fr.upjv.consommateur.ConsommateurSauvegarde | ╔══════════════════════════════════════════════════════╗
2026-08-27 16:39:19.248 | INFO  | fr.upjv.consommateur.ConsommateurSauvegarde | ║   CONSOMMATEUR SAUVEGARDE – démarrage                ║
2026-08-27 16:39:19.249 | INFO  | fr.upjv.consommateur.ConsommateurSauvegarde | ╠══════════════════════════════════════════════════════╣
2026-08-27 16:39:19.257 | INFO  | fr.upjv.consommateur.ConsommateurSauvegarde | ║   Kafka  : kafka1:19092
2026-08-27 16:39:19.258 | INFO  | fr.upjv.consommateur.ConsommateurSauvegarde | ║   Topic  : capteurs-topic
2026-08-27 16:39:19.259 | INFO  | fr.upjv.consommateur.ConsommateurSauvegarde | ║   DB URL : jdbc:postgresql://postgres:5432/capteurs_db
2026-08-27 16:39:19.259 | INFO  | fr.upjv.consommateur.ConsommateurSauvegarde | ╚══════════════════════════════════════════════════════╝
2026-08-27 16:39:19.992 | INFO  | fr.upjv.consommateur.ConsommateurSauvegarde | ✅ Connexion PostgreSQL établie sur jdbc:postgresql://postgres:5432/capteurs_db
2026-08-27 16:39:20.406 | INFO  | fr.upjv.consommateur.ConsommateurSauvegarde | 📡 Abonné au topic 'capteurs-topic'
2026-08-27 16:39:28.197 | INFO  | fr.upjv.consommateur.ConsommateurSauvegarde | 💾 Sauvegardé → ville=Arrondissement de Lyon, valeur=30.76°C
2026-08-27 16:39:28.214 | INFO  | fr.upjv.consommateur.ConsommateurSauvegarde | 💾 Sauvegardé → ville=Paris, valeur=25.62°C
2026-08-27 16:39:28.220 | INFO  | fr.upjv.consommateur.ConsommateurSauvegarde | 💾 Sauvegardé → ville=Amiens, valeur=26.55°C
2026-08-27 16:39:31.717 | INFO  | fr.upjv.consommateur.ConsommateurSauvegarde | 💾 Sauvegardé → ville=Paris, valeur=25.62°C
2026-08-27 16:39:31.728 | INFO  | fr.upjv.consommateur.ConsommateurSauvegarde | 💾 Sauvegardé → ville=Amiens, valeur=26.55°C
2026-08-27 16:39:31.752 | INFO  | fr.upjv.consommateur.ConsommateurSauvegarde | 💾 Sauvegardé → ville=Arrondissement de Lyon, valeur=30.39°C
2026-08-27 16:40:31.859 | INFO  | fr.upjv.consommateur.ConsommateurSauvegarde | 💾 Sauvegardé → ville=Paris, valeur=25.62°C
2026-08-27 16:40:31.867 | INFO  | fr.upjv.consommateur.ConsommateurSauvegarde | 💾 Sauvegardé → ville=Amiens, valeur=26.55°C
2026-08-27 16:40:31.874 | INFO  | fr.upjv.consommateur.ConsommateurSauvegarde | 💾 Sauvegardé → ville=Arrondissement de Lyon, valeur=30.39°C
2026-08-27 16:41:31.985 | INFO  | fr.upjv.consommateur.ConsommateurSauvegarde | 💾 Sauvegardé → ville=Paris, valeur=25.62°C
2026-08-27 16:41:31.990 | INFO  | fr.upjv.consommateur.ConsommateurSauvegarde | 💾 Sauvegardé → ville=Arrondissement de Lyon, valeur=30.39°C
2026-08-27 16:41:31.997 | INFO  | fr.upjv.consommateur.ConsommateurSauvegarde | 💾 Sauvegardé → ville=Amiens, valeur=26.55°C
2026-08-27 16:42:32.132 | INFO  | fr.upjv.consommateur.ConsommateurSauvegarde | 💾 Sauvegardé → ville=Paris, valeur=25.62°C
2026-08-27 16:42:32.137 | INFO  | fr.upjv.consommateur.ConsommateurSauvegarde | 💾 Sauvegardé → ville=Arrondissement de Lyon, valeur=30.39°C
2026-08-27 16:42:32.145 | INFO  | fr.upjv.consommateur.ConsommateurSauvegarde | 💾 Sauvegardé → ville=Amiens, valeur=26.55°C
2026-08-27 16:43:32.246 | INFO  | fr.upjv.consommateur.ConsommateurSauvegarde | 💾 Sauvegardé → ville=Arrondissement de Lyon, valeur=30.39°C
2026-08-27 16:43:32.251 | INFO  | fr.upjv.consommateur.ConsommateurSauvegarde | 💾 Sauvegardé → ville=Paris, valeur=23.11°C
2026-08-27 16:43:32.256 | INFO  | fr.upjv.consommateur.ConsommateurSauvegarde | 💾 Sauvegardé → ville=Amiens, valeur=26.55°C
2026-08-27 16:44:32.392 | INFO  | fr.upjv.consommateur.ConsommateurSauvegarde | 💾 Sauvegardé → ville=Arrondissement de Lyon, valeur=30.39°C
2026-08-27 16:44:32.396 | INFO  | fr.upjv.consommateur.ConsommateurSauvegarde | 💾 Sauvegardé → ville=Paris, valeur=23.11°C
2026-08-27 16:44:32.400 | INFO  | fr.upjv.consommateur.ConsommateurSauvegarde | 💾 Sauvegardé → ville=Amiens, valeur=26.55°C
2026-08-27 16:45:32.586 | INFO  | fr.upjv.consommateur.ConsommateurSauvegarde | 💾 Sauvegardé → ville=Paris, valeur=23.11°C
2026-08-27 16:45:32.593 | INFO  | fr.upjv.consommateur.ConsommateurSauvegarde | 💾 Sauvegardé → ville=Amiens, valeur=26.55°C
2026-08-27 16:45:32.605 | INFO  | fr.upjv.consommateur.ConsommateurSauvegarde | 💾 Sauvegardé → ville=Arrondissement de Lyon, valeur=30.39°C
2026-08-27 16:46:23.569 | INFO  | fr.upjv.consommateur.ConsommateurSauvegarde | ⛔ Arrêt demandé — fermeture du consumer...
2026-08-27 16:48:13.344 | INFO  | fr.upjv.consommateur.ConsommateurMoyenne | 🔥 Serveur de métriques Prometheus démarré sur le port 8081
2026-08-27 16:48:13.353 | INFO  | fr.upjv.consommateur.ConsommateurMoyenne | ╔══════════════════════════════════════════════════════╗
2026-08-27 16:48:13.354 | INFO  | fr.upjv.consommateur.ConsommateurMoyenne | ╔══════════════════════════════════════════════════════╗
2026-08-27 16:48:13.355 | INFO  | fr.upjv.consommateur.ConsommateurMoyenne | ║   CONSOMMATEUR MOYENNE FENÊTRÉE – démarrage          ║
2026-08-27 16:48:13.355 | INFO  | fr.upjv.consommateur.ConsommateurMoyenne | ╠══════════════════════════════════════════════════════╣
2026-08-27 16:48:13.365 | INFO  | fr.upjv.consommateur.ConsommateurMoyenne | ║   Kafka          : kafka1:19092
2026-08-27 16:48:13.366 | INFO  | fr.upjv.consommateur.ConsommateurMoyenne | ║   Topic          : capteurs-topic
2026-08-27 16:48:13.367 | INFO  | fr.upjv.consommateur.ConsommateurMoyenne | ║   Taille fenêtre : 5 mesures
2026-08-27 16:48:13.368 | INFO  | fr.upjv.consommateur.ConsommateurMoyenne | ╚══════════════════════════════════════════════════════╝
2026-08-27 16:48:13.791 | INFO  | fr.upjv.consommateur.ConsommateurMoyenne | 📡 Abonné au topic 'capteurs-topic'
2026-08-27 16:48:18.500 | INFO  | fr.upjv.consommateur.ConsommateurSauvegarde | 🔥 Serveur de métriques Prometheus démarré sur le port 8082
2026-08-27 16:48:18.505 | INFO  | fr.upjv.consommateur.ConsommateurSauvegarde | ╔══════════════════════════════════════════════════════╗
2026-08-27 16:48:18.505 | INFO  | fr.upjv.consommateur.ConsommateurSauvegarde | ╔══════════════════════════════════════════════════════╗
2026-08-27 16:48:18.506 | INFO  | fr.upjv.consommateur.ConsommateurSauvegarde | ║   CONSOMMATEUR SAUVEGARDE – démarrage                ║
2026-08-27 16:48:18.506 | INFO  | fr.upjv.consommateur.ConsommateurSauvegarde | ╠══════════════════════════════════════════════════════╣
2026-08-27 16:48:18.510 | INFO  | fr.upjv.consommateur.ConsommateurSauvegarde | ║   Kafka  : kafka1:19092
2026-08-27 16:48:18.511 | INFO  | fr.upjv.consommateur.ConsommateurSauvegarde | ║   Topic  : capteurs-topic
2026-08-27 16:48:18.511 | INFO  | fr.upjv.consommateur.ConsommateurSauvegarde | ║   DB URL : jdbc:postgresql://postgres:5432/capteurs_db
2026-08-27 16:48:18.511 | INFO  | fr.upjv.consommateur.ConsommateurSauvegarde | ╚══════════════════════════════════════════════════════╝
2026-08-27 16:48:18.969 | INFO  | fr.upjv.consommateur.ConsommateurSauvegarde | ✅ Connexion PostgreSQL établie sur jdbc:postgresql://postgres:5432/capteurs_db
2026-08-27 16:48:19.334 | INFO  | fr.upjv.consommateur.ConsommateurSauvegarde | 📡 Abonné au topic 'capteurs-topic'
2026-08-27 16:48:21.197 | INFO  | fr.upjv.consommateur.ConsommateurMoyenne | 📊 [2026-08-27T16:47:15.165] ville=Arrondissement de Lyon | valeur=30.39°C | moy.glissante(1 pts)=30.39 °C
2026-08-27 16:48:21.198 | INFO  | fr.upjv.consommateur.ConsommateurMoyenne | 📊 [2026-08-27T16:47:15.165] ville=Amiens | valeur=26.55°C | moy.glissante(1 pts)=26.55 °C
2026-08-27 16:48:21.199 | INFO  | fr.upjv.consommateur.ConsommateurMoyenne | 📊 [2026-08-27T16:47:15.165] ville=Paris | valeur=23.11°C | moy.glissante(1 pts)=23.11 °C
2026-08-27 16:48:23.428 | INFO  | fr.upjv.consommateur.ConsommateurSauvegarde | 💾 Sauvegardé → ville=Arrondissement de Lyon, valeur=30.39°C
2026-08-27 16:48:23.441 | INFO  | fr.upjv.consommateur.ConsommateurSauvegarde | 💾 Sauvegardé → ville=Amiens, valeur=26.55°C
2026-08-27 16:48:23.448 | INFO  | fr.upjv.consommateur.ConsommateurSauvegarde | 💾 Sauvegardé → ville=Paris, valeur=23.11°C
2026-08-27 16:48:28.276 | INFO  | fr.upjv.consommateur.ConsommateurMoyenne | 📊 [2026-08-27T16:48:28.252] ville=Amiens | valeur=26.55°C | moy.glissante(2 pts)=26.55 °C
2026-08-27 16:48:28.277 | INFO  | fr.upjv.consommateur.ConsommateurMoyenne | 📊 [2026-08-27T16:48:28.252] ville=Arrondissement de Lyon | valeur=30.39°C | moy.glissante(2 pts)=30.39 °C
2026-08-27 16:48:28.278 | INFO  | fr.upjv.consommateur.ConsommateurSauvegarde | 💾 Sauvegardé → ville=Amiens, valeur=26.55°C
2026-08-27 16:48:28.279 | INFO  | fr.upjv.consommateur.ConsommateurMoyenne | 📊 [2026-08-27T16:48:28.252] ville=Paris | valeur=23.11°C | moy.glissante(2 pts)=23.11 °C
2026-08-27 16:48:28.287 | INFO  | fr.upjv.consommateur.ConsommateurSauvegarde | 💾 Sauvegardé → ville=Arrondissement de Lyon, valeur=30.39°C
2026-08-27 16:48:28.293 | INFO  | fr.upjv.consommateur.ConsommateurSauvegarde | 💾 Sauvegardé → ville=Paris, valeur=23.11°C
2026-08-27 16:49:28.397 | INFO  | fr.upjv.consommateur.ConsommateurMoyenne | 📊 [2026-08-27T16:49:28.378] ville=Amiens | valeur=26.55°C | moy.glissante(3 pts)=26.55 °C
2026-08-27 16:49:28.399 | INFO  | fr.upjv.consommateur.ConsommateurMoyenne | 📊 [2026-08-27T16:49:28.381] ville=Paris | valeur=23.11°C | moy.glissante(3 pts)=23.11 °C
2026-08-27 16:49:28.401 | INFO  | fr.upjv.consommateur.ConsommateurMoyenne | 📊 [2026-08-27T16:49:28.381] ville=Arrondissement de Lyon | valeur=30.39°C | moy.glissante(3 pts)=30.39 °C
2026-08-27 16:49:28.404 | INFO  | fr.upjv.consommateur.ConsommateurSauvegarde | 💾 Sauvegardé → ville=Amiens, valeur=26.55°C
2026-08-27 16:49:28.410 | INFO  | fr.upjv.consommateur.ConsommateurSauvegarde | 💾 Sauvegardé → ville=Paris, valeur=23.11°C
2026-08-27 16:49:28.415 | INFO  | fr.upjv.consommateur.ConsommateurSauvegarde | 💾 Sauvegardé → ville=Arrondissement de Lyon, valeur=30.39°C
2026-08-27 16:50:28.519 | INFO  | fr.upjv.consommateur.ConsommateurMoyenne | 📊 [2026-08-27T16:50:28.502] ville=Arrondissement de Lyon | valeur=29.90°C | moy.glissante(4 pts)=30.27 °C
2026-08-27 16:50:28.521 | INFO  | fr.upjv.consommateur.ConsommateurMoyenne | 📊 [2026-08-27T16:50:28.503] ville=Paris | valeur=23.11°C | moy.glissante(4 pts)=23.11 °C
2026-08-27 16:50:28.522 | INFO  | fr.upjv.consommateur.ConsommateurMoyenne | 📊 [2026-08-27T16:50:28.508] ville=Amiens | valeur=26.55°C | moy.glissante(4 pts)=26.55 °C
2026-08-27 16:50:28.524 | INFO  | fr.upjv.consommateur.ConsommateurSauvegarde | 💾 Sauvegardé → ville=Arrondissement de Lyon, valeur=29.9°C
2026-08-27 16:50:28.528 | INFO  | fr.upjv.consommateur.ConsommateurSauvegarde | 💾 Sauvegardé → ville=Paris, valeur=23.11°C
2026-08-27 16:50:28.532 | INFO  | fr.upjv.consommateur.ConsommateurSauvegarde | 💾 Sauvegardé → ville=Amiens, valeur=26.55°C
2026-08-27 16:51:28.648 | INFO  | fr.upjv.consommateur.ConsommateurSauvegarde | 💾 Sauvegardé → ville=Paris, valeur=23.11°C
2026-08-27 16:51:28.648 | INFO  | fr.upjv.consommateur.ConsommateurMoyenne | 📊 [2026-08-27T16:51:28.620] ville=Paris | valeur=23.11°C | moy.glissante(5 pts)=23.11 °C
2026-08-27 16:51:28.657 | INFO  | fr.upjv.consommateur.ConsommateurMoyenne | 📊 [2026-08-27T16:51:28.622] ville=Arrondissement de Lyon | valeur=29.90°C | moy.glissante(5 pts)=30.19 °C
2026-08-27 16:51:28.660 | INFO  | fr.upjv.consommateur.ConsommateurMoyenne | 📊 [2026-08-27T16:51:28.641] ville=Amiens | valeur=26.55°C | moy.glissante(5 pts)=26.55 °C
2026-08-27 16:51:28.662 | INFO  | fr.upjv.consommateur.ConsommateurSauvegarde | 💾 Sauvegardé → ville=Arrondissement de Lyon, valeur=29.9°C
2026-08-27 16:51:28.675 | INFO  | fr.upjv.consommateur.ConsommateurSauvegarde | 💾 Sauvegardé → ville=Amiens, valeur=26.55°C
2026-08-27 16:51:32.625 | INFO  | fr.upjv.consommateur.ConsommateurMoyenne | 📊 [2026-08-27T18:51:32.259] ville=Paris | valeur=23.11°C | moy.glissante(5 pts)=23.11 °C
2026-08-27 16:51:32.627 | INFO  | fr.upjv.consommateur.ConsommateurSauvegarde | 💾 Sauvegardé → ville=Paris, valeur=23.11°C
2026-08-27 16:51:32.627 | INFO  | fr.upjv.consommateur.ConsommateurMoyenne | 📊 [2026-08-27T18:51:32.259] ville=Arrondissement de Lyon | valeur=29.90°C | moy.glissante(5 pts)=30.10 °C
2026-08-27 16:51:32.629 | INFO  | fr.upjv.consommateur.ConsommateurMoyenne | 📊 [2026-08-27T18:51:32.259] ville=Amiens | valeur=26.55°C | moy.glissante(5 pts)=26.55 °C
2026-08-27 16:51:32.632 | INFO  | fr.upjv.consommateur.ConsommateurSauvegarde | 💾 Sauvegardé → ville=Arrondissement de Lyon, valeur=29.9°C
2026-08-27 16:51:32.637 | INFO  | fr.upjv.consommateur.ConsommateurSauvegarde | 💾 Sauvegardé → ville=Amiens, valeur=26.55°C
2026-08-27 16:52:28.761 | INFO  | fr.upjv.consommateur.ConsommateurMoyenne | 📊 [2026-08-27T16:52:28.739] ville=Paris | valeur=23.11°C | moy.glissante(5 pts)=23.11 °C
2026-08-27 16:52:28.762 | INFO  | fr.upjv.consommateur.ConsommateurMoyenne | 📊 [2026-08-27T16:52:28.739] ville=Amiens | valeur=26.55°C | moy.glissante(5 pts)=26.55 °C
2026-08-27 16:52:28.764 | INFO  | fr.upjv.consommateur.ConsommateurMoyenne | 📊 [2026-08-27T16:52:28.744] ville=Arrondissement de Lyon | valeur=29.90°C | moy.glissante(5 pts)=30.00 °C
2026-08-27 16:52:28.767 | INFO  | fr.upjv.consommateur.ConsommateurSauvegarde | 💾 Sauvegardé → ville=Paris, valeur=23.11°C
2026-08-27 16:52:28.774 | INFO  | fr.upjv.consommateur.ConsommateurSauvegarde | 💾 Sauvegardé → ville=Amiens, valeur=26.55°C
2026-08-27 16:52:28.780 | INFO  | fr.upjv.consommateur.ConsommateurSauvegarde | 💾 Sauvegardé → ville=Arrondissement de Lyon, valeur=29.9°C
2026-08-27 16:52:32.777 | INFO  | fr.upjv.consommateur.ConsommateurMoyenne | 📊 [2026-08-27T18:52:32.722] ville=Arrondissement de Lyon | valeur=29.90°C | moy.glissante(5 pts)=29.90 °C
2026-08-27 16:52:32.786 | INFO  | fr.upjv.consommateur.ConsommateurMoyenne | 📊 [2026-08-27T18:52:32.736] ville=Amiens | valeur=26.55°C | moy.glissante(5 pts)=26.55 °C
2026-08-27 16:52:32.787 | INFO  | fr.upjv.consommateur.ConsommateurMoyenne | 📊 [2026-08-27T18:52:32.738] ville=Paris | valeur=23.11°C | moy.glissante(5 pts)=23.11 °C
2026-08-27 16:52:32.791 | INFO  | fr.upjv.consommateur.ConsommateurSauvegarde | 💾 Sauvegardé → ville=Arrondissement de Lyon, valeur=29.9°C
2026-08-27 16:52:32.799 | INFO  | fr.upjv.consommateur.ConsommateurSauvegarde | 💾 Sauvegardé → ville=Amiens, valeur=26.55°C
2026-08-27 16:52:32.804 | INFO  | fr.upjv.consommateur.ConsommateurSauvegarde | 💾 Sauvegardé → ville=Paris, valeur=23.11°C
2026-08-27 16:53:28.890 | INFO  | fr.upjv.consommateur.ConsommateurMoyenne | 📊 [2026-08-27T16:53:28.871] ville=Paris | valeur=23.11°C | moy.glissante(5 pts)=23.11 °C
2026-08-27 16:53:28.893 | INFO  | fr.upjv.consommateur.ConsommateurMoyenne | 📊 [2026-08-27T16:53:28.871] ville=Amiens | valeur=26.55°C | moy.glissante(5 pts)=26.55 °C
2026-08-27 16:53:28.894 | INFO  | fr.upjv.consommateur.ConsommateurMoyenne | 📊 [2026-08-27T16:53:28.875] ville=Arrondissement de Lyon | valeur=29.90°C | moy.glissante(5 pts)=29.90 °C
2026-08-27 16:53:28.897 | INFO  | fr.upjv.consommateur.ConsommateurSauvegarde | 💾 Sauvegardé → ville=Paris, valeur=23.11°C
2026-08-27 16:53:28.903 | INFO  | fr.upjv.consommateur.ConsommateurSauvegarde | 💾 Sauvegardé → ville=Amiens, valeur=26.55°C
2026-08-27 16:53:28.907 | INFO  | fr.upjv.consommateur.ConsommateurSauvegarde | 💾 Sauvegardé → ville=Arrondissement de Lyon, valeur=29.9°C
2026-08-27 16:53:32.883 | INFO  | fr.upjv.consommateur.ConsommateurMoyenne | 📊 [2026-08-27T18:53:32.862] ville=Arrondissement de Lyon | valeur=29.90°C | moy.glissante(5 pts)=29.90 °C
2026-08-27 16:53:32.886 | INFO  | fr.upjv.consommateur.ConsommateurMoyenne | 📊 [2026-08-27T18:53:32.869] ville=Paris | valeur=23.11°C | moy.glissante(5 pts)=23.11 °C
2026-08-27 16:53:32.889 | INFO  | fr.upjv.consommateur.ConsommateurMoyenne | 📊 [2026-08-27T18:53:32.869] ville=Amiens | valeur=26.55°C | moy.glissante(5 pts)=26.55 °C
2026-08-27 16:53:32.889 | INFO  | fr.upjv.consommateur.ConsommateurSauvegarde | 💾 Sauvegardé → ville=Arrondissement de Lyon, valeur=29.9°C
2026-08-27 16:53:32.895 | INFO  | fr.upjv.consommateur.ConsommateurSauvegarde | 💾 Sauvegardé → ville=Paris, valeur=23.11°C
2026-08-27 16:53:32.902 | INFO  | fr.upjv.consommateur.ConsommateurSauvegarde | 💾 Sauvegardé → ville=Amiens, valeur=26.55°C
2026-08-27 16:56:20.878 | INFO  | fr.upjv.consommateur.ConsommateurMoyenne | 📊 [2026-08-27T18:55:33.946] ville=Amiens | valeur=26.55°C | moy.glissante(5 pts)=26.55 °C
2026-08-27 16:56:20.879 | INFO  | fr.upjv.consommateur.ConsommateurMoyenne | 📊 [2026-08-27T18:55:33.949] ville=Arrondissement de Lyon | valeur=29.90°C | moy.glissante(5 pts)=29.90 °C
2026-08-27 16:56:20.881 | INFO  | fr.upjv.consommateur.ConsommateurMoyenne | 📊 [2026-08-27T18:55:33.950] ville=Paris | valeur=22.26°C | moy.glissante(5 pts)=22.94 °C
2026-08-27 16:56:29.301 | INFO  | fr.upjv.consommateur.ConsommateurMoyenne | 📊 [2026-08-27T16:56:29.286] ville=Amiens | valeur=26.55°C | moy.glissante(5 pts)=26.55 °C
2026-08-27 16:56:29.303 | INFO  | fr.upjv.consommateur.ConsommateurMoyenne | 📊 [2026-08-27T16:56:29.286] ville=Arrondissement de Lyon | valeur=29.90°C | moy.glissante(5 pts)=29.90 °C
2026-08-27 16:56:29.304 | INFO  | fr.upjv.consommateur.ConsommateurSauvegarde | 💾 Sauvegardé → ville=Amiens, valeur=26.55°C
2026-08-27 16:56:29.305 | INFO  | fr.upjv.consommateur.ConsommateurMoyenne | 📊 [2026-08-27T16:56:29.287] ville=Paris | valeur=22.26°C | moy.glissante(5 pts)=22.77 °C
2026-08-27 16:56:29.309 | INFO  | fr.upjv.consommateur.ConsommateurSauvegarde | 💾 Sauvegardé → ville=Arrondissement de Lyon, valeur=29.9°C
2026-08-27 16:56:29.314 | INFO  | fr.upjv.consommateur.ConsommateurSauvegarde | 💾 Sauvegardé → ville=Paris, valeur=22.26°C
2026-08-27 16:57:29.434 | INFO  | fr.upjv.consommateur.ConsommateurMoyenne | 📊 [2026-08-27T16:57:29.418] ville=Paris | valeur=22.26°C | moy.glissante(5 pts)=22.60 °C
2026-08-27 16:57:29.435 | INFO  | fr.upjv.consommateur.ConsommateurMoyenne | 📊 [2026-08-27T16:57:29.422] ville=Amiens | valeur=26.55°C | moy.glissante(5 pts)=26.55 °C
2026-08-27 16:57:29.436 | INFO  | fr.upjv.consommateur.ConsommateurMoyenne | 📊 [2026-08-27T16:57:29.423] ville=Arrondissement de Lyon | valeur=29.90°C | moy.glissante(5 pts)=29.90 °C
2026-08-27 16:57:29.440 | INFO  | fr.upjv.consommateur.ConsommateurSauvegarde | 💾 Sauvegardé → ville=Paris, valeur=22.26°C
2026-08-27 16:57:29.444 | INFO  | fr.upjv.consommateur.ConsommateurSauvegarde | 💾 Sauvegardé → ville=Amiens, valeur=26.55°C
2026-08-27 16:57:29.449 | INFO  | fr.upjv.consommateur.ConsommateurSauvegarde | 💾 Sauvegardé → ville=Arrondissement de Lyon, valeur=29.9°C
2026-08-27 16:58:29.548 | INFO  | fr.upjv.consommateur.ConsommateurMoyenne | 📊 [2026-08-27T16:58:29.533] ville=Arrondissement de Lyon | valeur=29.90°C | moy.glissante(5 pts)=29.90 °C
2026-08-27 16:58:29.550 | INFO  | fr.upjv.consommateur.ConsommateurMoyenne | 📊 [2026-08-27T16:58:29.533] ville=Paris | valeur=22.26°C | moy.glissante(5 pts)=22.43 °C
2026-08-27 16:58:29.552 | INFO  | fr.upjv.consommateur.ConsommateurMoyenne | 📊 [2026-08-27T16:58:29.538] ville=Amiens | valeur=26.55°C | moy.glissante(5 pts)=26.55 °C
2026-08-27 16:58:29.557 | INFO  | fr.upjv.consommateur.ConsommateurSauvegarde | 💾 Sauvegardé → ville=Arrondissement de Lyon, valeur=29.9°C
2026-08-27 16:58:29.562 | INFO  | fr.upjv.consommateur.ConsommateurSauvegarde | 💾 Sauvegardé → ville=Paris, valeur=22.26°C
2026-08-27 16:58:29.566 | INFO  | fr.upjv.consommateur.ConsommateurSauvegarde | 💾 Sauvegardé → ville=Amiens, valeur=26.55°C
2026-08-27 16:59:29.651 | INFO  | fr.upjv.consommateur.ConsommateurMoyenne | 📊 [2026-08-27T16:59:29.636] ville=Paris | valeur=22.26°C | moy.glissante(5 pts)=22.26 °C
2026-08-27 16:59:29.653 | INFO  | fr.upjv.consommateur.ConsommateurMoyenne | 📊 [2026-08-27T16:59:29.638] ville=Arrondissement de Lyon | valeur=29.90°C | moy.glissante(5 pts)=29.90 °C
2026-08-27 16:59:29.655 | INFO  | fr.upjv.consommateur.ConsommateurMoyenne | 📊 [2026-08-27T16:59:29.639] ville=Amiens | valeur=26.55°C | moy.glissante(5 pts)=26.55 °C
2026-08-27 16:59:29.657 | INFO  | fr.upjv.consommateur.ConsommateurSauvegarde | 💾 Sauvegardé → ville=Paris, valeur=22.26°C
2026-08-27 16:59:29.662 | INFO  | fr.upjv.consommateur.ConsommateurSauvegarde | 💾 Sauvegardé → ville=Arrondissement de Lyon, valeur=29.9°C
2026-08-27 16:59:29.667 | INFO  | fr.upjv.consommateur.ConsommateurSauvegarde | 💾 Sauvegardé → ville=Amiens, valeur=26.55°C
2026-08-27 17:00:29.748 | INFO  | fr.upjv.consommateur.ConsommateurMoyenne | 📊 [2026-08-27T17:00:29.734] ville=Paris | valeur=22.26°C | moy.glissante(5 pts)=22.26 °C
2026-08-27 17:00:29.749 | INFO  | fr.upjv.consommateur.ConsommateurMoyenne | 📊 [2026-08-27T17:00:29.735] ville=Arrondissement de Lyon | valeur=29.90°C | moy.glissante(5 pts)=29.90 °C
2026-08-27 17:00:29.751 | INFO  | fr.upjv.consommateur.ConsommateurMoyenne | 📊 [2026-08-27T17:00:29.739] ville=Amiens | valeur=26.55°C | moy.glissante(5 pts)=26.55 °C
2026-08-27 17:00:29.753 | INFO  | fr.upjv.consommateur.ConsommateurSauvegarde | 💾 Sauvegardé → ville=Paris, valeur=22.26°C
2026-08-27 17:00:29.759 | INFO  | fr.upjv.consommateur.ConsommateurSauvegarde | 💾 Sauvegardé → ville=Arrondissement de Lyon, valeur=29.9°C
2026-08-27 17:00:29.764 | INFO  | fr.upjv.consommateur.ConsommateurSauvegarde | 💾 Sauvegardé → ville=Amiens, valeur=26.55°C
2026-08-27 17:01:29.850 | INFO  | fr.upjv.consommateur.ConsommateurMoyenne | 📊 [2026-08-27T17:01:29.837] ville=Paris | valeur=22.26°C | moy.glissante(5 pts)=22.26 °C
2026-08-27 17:01:29.851 | INFO  | fr.upjv.consommateur.ConsommateurMoyenne | 📊 [2026-08-27T17:01:29.837] ville=Amiens | valeur=26.55°C | moy.glissante(5 pts)=26.55 °C
2026-08-27 17:01:29.852 | INFO  | fr.upjv.consommateur.ConsommateurMoyenne | 📊 [2026-08-27T17:01:29.837] ville=Arrondissement de Lyon | valeur=29.90°C | moy.glissante(5 pts)=29.90 °C
2026-08-27 17:01:29.854 | INFO  | fr.upjv.consommateur.ConsommateurSauvegarde | 💾 Sauvegardé → ville=Paris, valeur=22.26°C
2026-08-27 17:01:29.862 | INFO  | fr.upjv.consommateur.ConsommateurSauvegarde | 💾 Sauvegardé → ville=Amiens, valeur=26.55°C
2026-08-27 17:01:29.866 | INFO  | fr.upjv.consommateur.ConsommateurSauvegarde | 💾 Sauvegardé → ville=Arrondissement de Lyon, valeur=29.9°C
2026-08-27 17:02:29.950 | INFO  | fr.upjv.consommateur.ConsommateurMoyenne | 📊 [2026-08-27T17:02:29.935] ville=Paris | valeur=22.26°C | moy.glissante(5 pts)=22.26 °C
2026-08-27 17:02:29.952 | INFO  | fr.upjv.consommateur.ConsommateurMoyenne | 📊 [2026-08-27T17:02:29.935] ville=Arrondissement de Lyon | valeur=29.90°C | moy.glissante(5 pts)=29.90 °C
2026-08-27 17:02:29.953 | INFO  | fr.upjv.consommateur.ConsommateurMoyenne | 📊 [2026-08-27T17:02:29.937] ville=Amiens | valeur=26.55°C | moy.glissante(5 pts)=26.55 °C
2026-08-27 17:02:29.956 | INFO  | fr.upjv.consommateur.ConsommateurSauvegarde | 💾 Sauvegardé → ville=Paris, valeur=22.26°C
2026-08-27 17:02:29.960 | INFO  | fr.upjv.consommateur.ConsommateurSauvegarde | 💾 Sauvegardé → ville=Arrondissement de Lyon, valeur=29.9°C
2026-08-27 17:02:29.965 | INFO  | fr.upjv.consommateur.ConsommateurSauvegarde | 💾 Sauvegardé → ville=Amiens, valeur=26.55°C
2026-08-27 17:03:30.043 | INFO  | fr.upjv.consommateur.ConsommateurMoyenne | 📊 [2026-08-27T17:03:30.028] ville=Paris | valeur=22.26°C | moy.glissante(5 pts)=22.26 °C
2026-08-27 17:03:30.045 | INFO  | fr.upjv.consommateur.ConsommateurMoyenne | 📊 [2026-08-27T17:03:30.029] ville=Arrondissement de Lyon | valeur=29.90°C | moy.glissante(5 pts)=29.90 °C
2026-08-27 17:03:30.046 | INFO  | fr.upjv.consommateur.ConsommateurMoyenne | 📊 [2026-08-27T17:03:30.031] ville=Amiens | valeur=26.55°C | moy.glissante(5 pts)=26.55 °C
2026-08-27 17:03:30.049 | INFO  | fr.upjv.consommateur.ConsommateurSauvegarde | 💾 Sauvegardé → ville=Paris, valeur=22.26°C
2026-08-27 17:03:30.054 | INFO  | fr.upjv.consommateur.ConsommateurSauvegarde | 💾 Sauvegardé → ville=Arrondissement de Lyon, valeur=29.9°C
2026-08-27 17:03:30.059 | INFO  | fr.upjv.consommateur.ConsommateurSauvegarde | 💾 Sauvegardé → ville=Amiens, valeur=26.55°C
2026-08-27 17:04:30.144 | INFO  | fr.upjv.consommateur.ConsommateurMoyenne | 📊 [2026-08-27T17:04:30.128] ville=Paris | valeur=22.26°C | moy.glissante(5 pts)=22.26 °C
2026-08-27 17:04:30.145 | INFO  | fr.upjv.consommateur.ConsommateurMoyenne | 📊 [2026-08-27T17:04:30.128] ville=Arrondissement de Lyon | valeur=29.90°C | moy.glissante(5 pts)=29.90 °C
2026-08-27 17:04:30.146 | INFO  | fr.upjv.consommateur.ConsommateurMoyenne | 📊 [2026-08-27T17:04:30.128] ville=Amiens | valeur=26.55°C | moy.glissante(5 pts)=26.55 °C
2026-08-27 17:04:30.150 | INFO  | fr.upjv.consommateur.ConsommateurSauvegarde | 💾 Sauvegardé → ville=Paris, valeur=22.26°C
2026-08-27 17:04:30.155 | INFO  | fr.upjv.consommateur.ConsommateurSauvegarde | 💾 Sauvegardé → ville=Arrondissement de Lyon, valeur=29.9°C
2026-08-27 17:04:30.159 | INFO  | fr.upjv.consommateur.ConsommateurSauvegarde | 💾 Sauvegardé → ville=Amiens, valeur=26.55°C
2026-08-27 17:05:30.238 | INFO  | fr.upjv.consommateur.ConsommateurMoyenne | 📊 [2026-08-27T17:05:30.223] ville=Amiens | valeur=26.55°C | moy.glissante(5 pts)=26.55 °C
2026-08-27 17:05:30.239 | INFO  | fr.upjv.consommateur.ConsommateurMoyenne | 📊 [2026-08-27T17:05:30.225] ville=Arrondissement de Lyon | valeur=29.90°C | moy.glissante(5 pts)=29.90 °C
2026-08-27 17:05:30.240 | INFO  | fr.upjv.consommateur.ConsommateurMoyenne | 📊 [2026-08-27T17:05:30.225] ville=Paris | valeur=22.26°C | moy.glissante(5 pts)=22.26 °C
2026-08-27 17:05:30.243 | INFO  | fr.upjv.consommateur.ConsommateurSauvegarde | 💾 Sauvegardé → ville=Amiens, valeur=26.55°C
2026-08-27 17:05:30.248 | INFO  | fr.upjv.consommateur.ConsommateurSauvegarde | 💾 Sauvegardé → ville=Arrondissement de Lyon, valeur=29.9°C
2026-08-27 17:05:30.253 | INFO  | fr.upjv.consommateur.ConsommateurSauvegarde | 💾 Sauvegardé → ville=Paris, valeur=22.26°C
2026-08-27 17:06:30.341 | INFO  | fr.upjv.consommateur.ConsommateurMoyenne | 📊 [2026-08-27T17:06:30.328] ville=Paris | valeur=20.85°C | moy.glissante(5 pts)=21.98 °C
2026-08-27 17:06:30.342 | INFO  | fr.upjv.consommateur.ConsommateurMoyenne | 📊 [2026-08-27T17:06:30.328] ville=Amiens | valeur=26.55°C | moy.glissante(5 pts)=26.55 °C
2026-08-27 17:06:30.343 | INFO  | fr.upjv.consommateur.ConsommateurMoyenne | 📊 [2026-08-27T17:06:30.328] ville=Arrondissement de Lyon | valeur=29.90°C | moy.glissante(5 pts)=29.90 °C
2026-08-27 17:06:30.347 | INFO  | fr.upjv.consommateur.ConsommateurSauvegarde | 💾 Sauvegardé → ville=Paris, valeur=20.85°C
2026-08-27 17:06:30.352 | INFO  | fr.upjv.consommateur.ConsommateurSauvegarde | 💾 Sauvegardé → ville=Amiens, valeur=26.55°C
2026-08-27 17:06:30.357 | INFO  | fr.upjv.consommateur.ConsommateurSauvegarde | 💾 Sauvegardé → ville=Arrondissement de Lyon, valeur=29.9°C
2026-08-27 17:07:30.433 | INFO  | fr.upjv.consommateur.ConsommateurMoyenne | 📊 [2026-08-27T17:07:30.420] ville=Amiens | valeur=26.55°C | moy.glissante(5 pts)=26.55 °C
2026-08-27 17:07:30.434 | INFO  | fr.upjv.consommateur.ConsommateurMoyenne | 📊 [2026-08-27T17:07:30.421] ville=Paris | valeur=20.85°C | moy.glissante(5 pts)=21.70 °C
2026-08-27 17:07:30.434 | INFO  | fr.upjv.consommateur.ConsommateurMoyenne | 📊 [2026-08-27T17:07:30.421] ville=Arrondissement de Lyon | valeur=29.90°C | moy.glissante(5 pts)=29.90 °C
2026-08-27 17:07:30.440 | INFO  | fr.upjv.consommateur.ConsommateurSauvegarde | 💾 Sauvegardé → ville=Amiens, valeur=26.55°C
2026-08-27 17:07:30.445 | INFO  | fr.upjv.consommateur.ConsommateurSauvegarde | 💾 Sauvegardé → ville=Paris, valeur=20.85°C
2026-08-27 17:07:30.450 | INFO  | fr.upjv.consommateur.ConsommateurSauvegarde | 💾 Sauvegardé → ville=Arrondissement de Lyon, valeur=29.9°C
2026-08-27 17:08:30.530 | INFO  | fr.upjv.consommateur.ConsommateurMoyenne | 📊 [2026-08-27T17:08:30.516] ville=Amiens | valeur=26.55°C | moy.glissante(5 pts)=26.55 °C
2026-08-27 17:08:30.531 | INFO  | fr.upjv.consommateur.ConsommateurMoyenne | 📊 [2026-08-27T17:08:30.517] ville=Paris | valeur=20.85°C | moy.glissante(5 pts)=21.41 °C
2026-08-27 17:08:30.532 | INFO  | fr.upjv.consommateur.ConsommateurMoyenne | 📊 [2026-08-27T17:08:30.520] ville=Arrondissement de Lyon | valeur=29.65°C | moy.glissante(5 pts)=29.85 °C
2026-08-27 17:08:30.536 | INFO  | fr.upjv.consommateur.ConsommateurSauvegarde | 💾 Sauvegardé → ville=Amiens, valeur=26.55°C
2026-08-27 17:08:30.542 | INFO  | fr.upjv.consommateur.ConsommateurSauvegarde | 💾 Sauvegardé → ville=Paris, valeur=20.85°C
2026-08-27 17:08:30.547 | INFO  | fr.upjv.consommateur.ConsommateurSauvegarde | 💾 Sauvegardé → ville=Arrondissement de Lyon, valeur=29.65°C
2026-08-27 17:09:30.636 | INFO  | fr.upjv.consommateur.ConsommateurMoyenne | 📊 [2026-08-27T17:09:30.622] ville=Paris | valeur=20.85°C | moy.glissante(5 pts)=21.13 °C
2026-08-27 17:09:30.638 | INFO  | fr.upjv.consommateur.ConsommateurMoyenne | 📊 [2026-08-27T17:09:30.622] ville=Amiens | valeur=26.55°C | moy.glissante(5 pts)=26.55 °C
2026-08-27 17:09:30.639 | INFO  | fr.upjv.consommateur.ConsommateurMoyenne | 📊 [2026-08-27T17:09:30.624] ville=Arrondissement de Lyon | valeur=29.65°C | moy.glissante(5 pts)=29.80 °C
2026-08-27 17:09:30.641 | INFO  | fr.upjv.consommateur.ConsommateurSauvegarde | 💾 Sauvegardé → ville=Paris, valeur=20.85°C
2026-08-27 17:09:30.654 | INFO  | fr.upjv.consommateur.ConsommateurSauvegarde | 💾 Sauvegardé → ville=Amiens, valeur=26.55°C
2026-08-27 17:09:30.660 | INFO  | fr.upjv.consommateur.ConsommateurSauvegarde | 💾 Sauvegardé → ville=Arrondissement de Lyon, valeur=29.65°C
2026-08-27 17:10:30.736 | INFO  | fr.upjv.consommateur.ConsommateurMoyenne | 📊 [2026-08-27T17:10:30.722] ville=Paris | valeur=20.85°C | moy.glissante(5 pts)=20.85 °C
2026-08-27 17:10:30.738 | INFO  | fr.upjv.consommateur.ConsommateurMoyenne | 📊 [2026-08-27T17:10:30.722] ville=Amiens | valeur=26.55°C | moy.glissante(5 pts)=26.55 °C
2026-08-27 17:10:30.739 | INFO  | fr.upjv.consommateur.ConsommateurMoyenne | 📊 [2026-08-27T17:10:30.724] ville=Arrondissement de Lyon | valeur=29.65°C | moy.glissante(5 pts)=29.75 °C
2026-08-27 17:10:30.739 | INFO  | fr.upjv.consommateur.ConsommateurSauvegarde | 💾 Sauvegardé → ville=Paris, valeur=20.85°C
2026-08-27 17:10:30.744 | INFO  | fr.upjv.consommateur.ConsommateurSauvegarde | 💾 Sauvegardé → ville=Amiens, valeur=26.55°C
2026-08-27 17:10:30.748 | INFO  | fr.upjv.consommateur.ConsommateurSauvegarde | 💾 Sauvegardé → ville=Arrondissement de Lyon, valeur=29.65°C
2026-08-27 17:11:30.831 | INFO  | fr.upjv.consommateur.ConsommateurMoyenne | 📊 [2026-08-27T17:11:30.819] ville=Arrondissement de Lyon | valeur=29.65°C | moy.glissante(5 pts)=29.70 °C
2026-08-27 17:11:30.832 | INFO  | fr.upjv.consommateur.ConsommateurMoyenne | 📊 [2026-08-27T17:11:30.819] ville=Amiens | valeur=26.55°C | moy.glissante(5 pts)=26.55 °C
2026-08-27 17:11:30.834 | INFO  | fr.upjv.consommateur.ConsommateurMoyenne | 📊 [2026-08-27T17:11:30.819] ville=Paris | valeur=20.85°C | moy.glissante(5 pts)=20.85 °C
2026-08-27 17:11:30.836 | INFO  | fr.upjv.consommateur.ConsommateurSauvegarde | 💾 Sauvegardé → ville=Arrondissement de Lyon, valeur=29.65°C
2026-08-27 17:11:30.841 | INFO  | fr.upjv.consommateur.ConsommateurSauvegarde | 💾 Sauvegardé → ville=Amiens, valeur=26.55°C
2026-08-27 17:11:30.846 | INFO  | fr.upjv.consommateur.ConsommateurSauvegarde | 💾 Sauvegardé → ville=Paris, valeur=20.85°C
2026-08-27 17:12:30.935 | INFO  | fr.upjv.consommateur.ConsommateurMoyenne | 📊 [2026-08-27T17:12:30.922] ville=Paris | valeur=20.85°C | moy.glissante(5 pts)=20.85 °C
2026-08-27 17:12:30.937 | INFO  | fr.upjv.consommateur.ConsommateurMoyenne | 📊 [2026-08-27T17:12:30.922] ville=Arrondissement de Lyon | valeur=29.65°C | moy.glissante(5 pts)=29.65 °C
2026-08-27 17:12:30.938 | INFO  | fr.upjv.consommateur.ConsommateurMoyenne | 📊 [2026-08-27T17:12:30.922] ville=Amiens | valeur=26.55°C | moy.glissante(5 pts)=26.55 °C
2026-08-27 17:12:30.942 | INFO  | fr.upjv.consommateur.ConsommateurSauvegarde | 💾 Sauvegardé → ville=Paris, valeur=20.85°C
2026-08-27 17:12:30.947 | INFO  | fr.upjv.consommateur.ConsommateurSauvegarde | 💾 Sauvegardé → ville=Arrondissement de Lyon, valeur=29.65°C
2026-08-27 17:12:30.952 | INFO  | fr.upjv.consommateur.ConsommateurSauvegarde | 💾 Sauvegardé → ville=Amiens, valeur=26.55°C
2026-08-27 17:13:31.041 | INFO  | fr.upjv.consommateur.ConsommateurMoyenne | 📊 [2026-08-27T17:13:31.025] ville=Arrondissement de Lyon | valeur=29.65°C | moy.glissante(5 pts)=29.65 °C
2026-08-27 17:13:31.042 | INFO  | fr.upjv.consommateur.ConsommateurMoyenne | 📊 [2026-08-27T17:13:31.026] ville=Paris | valeur=20.85°C | moy.glissante(5 pts)=20.85 °C
2026-08-27 17:13:31.044 | INFO  | fr.upjv.consommateur.ConsommateurMoyenne | 📊 [2026-08-27T17:13:31.026] ville=Amiens | valeur=26.55°C | moy.glissante(5 pts)=26.55 °C
2026-08-27 17:13:31.046 | INFO  | fr.upjv.consommateur.ConsommateurSauvegarde | 💾 Sauvegardé → ville=Arrondissement de Lyon, valeur=29.65°C
2026-08-27 17:13:31.052 | INFO  | fr.upjv.consommateur.ConsommateurSauvegarde | 💾 Sauvegardé → ville=Paris, valeur=20.85°C
2026-08-27 17:13:31.061 | INFO  | fr.upjv.consommateur.ConsommateurSauvegarde | 💾 Sauvegardé → ville=Amiens, valeur=26.55°C
2026-08-27 17:14:31.155 | INFO  | fr.upjv.consommateur.ConsommateurMoyenne | 📊 [2026-08-27T17:14:31.127] ville=Paris | valeur=20.85°C | moy.glissante(5 pts)=20.85 °C
2026-08-27 17:14:31.157 | INFO  | fr.upjv.consommateur.ConsommateurMoyenne | 📊 [2026-08-27T17:14:31.128] ville=Amiens | valeur=26.55°C | moy.glissante(5 pts)=26.55 °C
2026-08-27 17:14:31.159 | INFO  | fr.upjv.consommateur.ConsommateurSauvegarde | 💾 Sauvegardé → ville=Paris, valeur=20.85°C
2026-08-27 17:14:31.159 | INFO  | fr.upjv.consommateur.ConsommateurMoyenne | 📊 [2026-08-27T17:14:31.128] ville=Arrondissement de Lyon | valeur=29.65°C | moy.glissante(5 pts)=29.65 °C
2026-08-27 17:14:31.165 | INFO  | fr.upjv.consommateur.ConsommateurSauvegarde | 💾 Sauvegardé → ville=Amiens, valeur=26.55°C
2026-08-27 17:14:31.170 | INFO  | fr.upjv.consommateur.ConsommateurSauvegarde | 💾 Sauvegardé → ville=Arrondissement de Lyon, valeur=29.65°C
2026-08-27 17:15:31.232 | INFO  | fr.upjv.consommateur.ConsommateurMoyenne | 📊 [2026-08-27T17:15:31.219] ville=Amiens | valeur=26.55°C | moy.glissante(5 pts)=26.55 °C
2026-08-27 17:15:31.233 | INFO  | fr.upjv.consommateur.ConsommateurMoyenne | 📊 [2026-08-27T17:15:31.219] ville=Paris | valeur=20.85°C | moy.glissante(5 pts)=20.85 °C
2026-08-27 17:15:31.234 | INFO  | fr.upjv.consommateur.ConsommateurMoyenne | 📊 [2026-08-27T17:15:31.219] ville=Arrondissement de Lyon | valeur=29.65°C | moy.glissante(5 pts)=29.65 °C
2026-08-27 17:15:31.238 | INFO  | fr.upjv.consommateur.ConsommateurSauvegarde | 💾 Sauvegardé → ville=Amiens, valeur=26.55°C
2026-08-27 17:15:31.242 | INFO  | fr.upjv.consommateur.ConsommateurSauvegarde | 💾 Sauvegardé → ville=Paris, valeur=20.85°C
2026-08-27 17:15:31.246 | INFO  | fr.upjv.consommateur.ConsommateurSauvegarde | 💾 Sauvegardé → ville=Arrondissement de Lyon, valeur=29.65°C
2026-08-27 17:16:31.329 | INFO  | fr.upjv.consommateur.ConsommateurMoyenne | 📊 [2026-08-27T17:16:31.316] ville=Amiens | valeur=26.55°C | moy.glissante(5 pts)=26.55 °C
2026-08-27 17:16:31.330 | INFO  | fr.upjv.consommateur.ConsommateurMoyenne | 📊 [2026-08-27T17:16:31.316] ville=Paris | valeur=20.85°C | moy.glissante(5 pts)=20.85 °C
2026-08-27 17:16:31.331 | INFO  | fr.upjv.consommateur.ConsommateurMoyenne | 📊 [2026-08-27T17:16:31.316] ville=Arrondissement de Lyon | valeur=29.65°C | moy.glissante(5 pts)=29.65 °C
2026-08-27 17:16:31.338 | INFO  | fr.upjv.consommateur.ConsommateurSauvegarde | 💾 Sauvegardé → ville=Amiens, valeur=26.55°C
2026-08-27 17:16:31.342 | INFO  | fr.upjv.consommateur.ConsommateurSauvegarde | 💾 Sauvegardé → ville=Paris, valeur=20.85°C
2026-08-27 17:16:31.347 | INFO  | fr.upjv.consommateur.ConsommateurSauvegarde | 💾 Sauvegardé → ville=Arrondissement de Lyon, valeur=29.65°C
2026-08-27 17:17:31.421 | INFO  | fr.upjv.consommateur.ConsommateurMoyenne | 📊 [2026-08-27T17:17:31.410] ville=Paris | valeur=20.85°C | moy.glissante(5 pts)=20.85 °C
2026-08-27 17:17:31.422 | INFO  | fr.upjv.consommateur.ConsommateurMoyenne | 📊 [2026-08-27T17:17:31.410] ville=Amiens | valeur=26.55°C | moy.glissante(5 pts)=26.55 °C
2026-08-27 17:17:31.423 | INFO  | fr.upjv.consommateur.ConsommateurMoyenne | 📊 [2026-08-27T17:17:31.411] ville=Arrondissement de Lyon | valeur=29.65°C | moy.glissante(5 pts)=29.65 °C
2026-08-27 17:17:31.429 | INFO  | fr.upjv.consommateur.ConsommateurSauvegarde | 💾 Sauvegardé → ville=Paris, valeur=20.85°C
2026-08-27 17:17:31.434 | INFO  | fr.upjv.consommateur.ConsommateurSauvegarde | 💾 Sauvegardé → ville=Amiens, valeur=26.55°C
2026-08-27 17:17:31.438 | INFO  | fr.upjv.consommateur.ConsommateurSauvegarde | 💾 Sauvegardé → ville=Arrondissement de Lyon, valeur=29.65°C
2026-08-27 17:18:31.522 | INFO  | fr.upjv.consommateur.ConsommateurMoyenne | 📊 [2026-08-27T17:18:31.510] ville=Paris | valeur=20.85°C | moy.glissante(5 pts)=20.85 °C
2026-08-27 17:18:31.523 | INFO  | fr.upjv.consommateur.ConsommateurMoyenne | 📊 [2026-08-27T17:18:31.509] ville=Arrondissement de Lyon | valeur=29.65°C | moy.glissante(5 pts)=29.65 °C
2026-08-27 17:18:31.526 | INFO  | fr.upjv.consommateur.ConsommateurMoyenne | 📊 [2026-08-27T17:18:31.515] ville=Amiens | valeur=25.55°C | moy.glissante(5 pts)=26.35 °C
2026-08-27 17:18:31.527 | INFO  | fr.upjv.consommateur.ConsommateurSauvegarde | 💾 Sauvegardé → ville=Paris, valeur=20.85°C
2026-08-27 17:18:31.531 | INFO  | fr.upjv.consommateur.ConsommateurSauvegarde | 💾 Sauvegardé → ville=Arrondissement de Lyon, valeur=29.65°C
2026-08-27 17:18:31.537 | INFO  | fr.upjv.consommateur.ConsommateurSauvegarde | 💾 Sauvegardé → ville=Amiens, valeur=25.55°C
2026-08-27 17:19:31.617 | INFO  | fr.upjv.consommateur.ConsommateurMoyenne | 📊 [2026-08-27T17:19:31.604] ville=Amiens | valeur=25.55°C | moy.glissante(5 pts)=26.15 °C
2026-08-27 17:19:31.619 | INFO  | fr.upjv.consommateur.ConsommateurMoyenne | 📊 [2026-08-27T17:19:31.605] ville=Paris | valeur=20.85°C | moy.glissante(5 pts)=20.85 °C
2026-08-27 17:19:31.620 | INFO  | fr.upjv.consommateur.ConsommateurMoyenne | 📊 [2026-08-27T17:19:31.607] ville=Arrondissement de Lyon | valeur=29.65°C | moy.glissante(5 pts)=29.65 °C
2026-08-27 17:19:31.624 | INFO  | fr.upjv.consommateur.ConsommateurSauvegarde | 💾 Sauvegardé → ville=Amiens, valeur=25.55°C
2026-08-27 17:19:31.628 | INFO  | fr.upjv.consommateur.ConsommateurSauvegarde | 💾 Sauvegardé → ville=Paris, valeur=20.85°C
2026-08-27 17:19:31.632 | INFO  | fr.upjv.consommateur.ConsommateurSauvegarde | 💾 Sauvegardé → ville=Arrondissement de Lyon, valeur=29.65°C
2026-08-27 17:20:31.706 | INFO  | fr.upjv.consommateur.ConsommateurMoyenne | 📊 [2026-08-27T17:20:31.690] ville=Arrondissement de Lyon | valeur=29.65°C | moy.glissante(5 pts)=29.65 °C
2026-08-27 17:20:31.709 | INFO  | fr.upjv.consommateur.ConsommateurMoyenne | 📊 [2026-08-27T17:20:31.695] ville=Amiens | valeur=25.55°C | moy.glissante(5 pts)=25.95 °C
2026-08-27 17:20:31.710 | INFO  | fr.upjv.consommateur.ConsommateurMoyenne | 📊 [2026-08-27T17:20:31.695] ville=Paris | valeur=20.85°C | moy.glissante(5 pts)=20.85 °C
2026-08-27 17:20:31.712 | INFO  | fr.upjv.consommateur.ConsommateurSauvegarde | 💾 Sauvegardé → ville=Arrondissement de Lyon, valeur=29.65°C
2026-08-27 17:20:31.725 | INFO  | fr.upjv.consommateur.ConsommateurSauvegarde | 💾 Sauvegardé → ville=Amiens, valeur=25.55°C
2026-08-27 17:20:31.738 | INFO  | fr.upjv.consommateur.ConsommateurSauvegarde | 💾 Sauvegardé → ville=Paris, valeur=20.85°C
2026-08-27 17:21:31.794 | INFO  | fr.upjv.consommateur.ConsommateurMoyenne | 📊 [2026-08-27T17:21:31.782] ville=Arrondissement de Lyon | valeur=29.65°C | moy.glissante(5 pts)=29.65 °C
2026-08-27 17:21:31.795 | INFO  | fr.upjv.consommateur.ConsommateurMoyenne | 📊 [2026-08-27T17:21:31.782] ville=Amiens | valeur=25.55°C | moy.glissante(5 pts)=25.75 °C
2026-08-27 17:21:31.795 | INFO  | fr.upjv.consommateur.ConsommateurMoyenne | 📊 [2026-08-27T17:21:31.783] ville=Paris | valeur=20.85°C | moy.glissante(5 pts)=20.85 °C
2026-08-27 17:21:31.802 | INFO  | fr.upjv.consommateur.ConsommateurSauvegarde | 💾 Sauvegardé → ville=Arrondissement de Lyon, valeur=29.65°C
2026-08-27 17:21:31.806 | INFO  | fr.upjv.consommateur.ConsommateurSauvegarde | 💾 Sauvegardé → ville=Amiens, valeur=25.55°C
2026-08-27 17:21:31.811 | INFO  | fr.upjv.consommateur.ConsommateurSauvegarde | 💾 Sauvegardé → ville=Paris, valeur=20.85°C
2026-08-27 17:22:31.884 | INFO  | fr.upjv.consommateur.ConsommateurMoyenne | 📊 [2026-08-27T17:22:31.871] ville=Paris | valeur=20.85°C | moy.glissante(5 pts)=20.85 °C
2026-08-27 17:22:31.885 | INFO  | fr.upjv.consommateur.ConsommateurMoyenne | 📊 [2026-08-27T17:22:31.872] ville=Arrondissement de Lyon | valeur=29.65°C | moy.glissante(5 pts)=29.65 °C
2026-08-27 17:22:31.885 | INFO  | fr.upjv.consommateur.ConsommateurMoyenne | 📊 [2026-08-27T17:22:31.872] ville=Amiens | valeur=25.55°C | moy.glissante(5 pts)=25.55 °C
2026-08-27 17:22:31.889 | INFO  | fr.upjv.consommateur.ConsommateurSauvegarde | 💾 Sauvegardé → ville=Paris, valeur=20.85°C
2026-08-27 17:22:31.893 | INFO  | fr.upjv.consommateur.ConsommateurSauvegarde | 💾 Sauvegardé → ville=Arrondissement de Lyon, valeur=29.65°C
2026-08-27 17:22:31.897 | INFO  | fr.upjv.consommateur.ConsommateurSauvegarde | 💾 Sauvegardé → ville=Amiens, valeur=25.55°C
2026-08-27 17:23:31.984 | INFO  | fr.upjv.consommateur.ConsommateurMoyenne | 📊 [2026-08-27T17:23:31.971] ville=Paris | valeur=20.85°C | moy.glissante(5 pts)=20.85 °C
2026-08-27 17:23:31.986 | INFO  | fr.upjv.consommateur.ConsommateurMoyenne | 📊 [2026-08-27T17:23:31.971] ville=Amiens | valeur=25.55°C | moy.glissante(5 pts)=25.55 °C
2026-08-27 17:23:31.987 | INFO  | fr.upjv.consommateur.ConsommateurMoyenne | 📊 [2026-08-27T17:23:31.971] ville=Arrondissement de Lyon | valeur=29.65°C | moy.glissante(5 pts)=29.65 °C
2026-08-27 17:23:31.989 | INFO  | fr.upjv.consommateur.ConsommateurSauvegarde | 💾 Sauvegardé → ville=Paris, valeur=20.85°C
2026-08-27 17:23:31.994 | INFO  | fr.upjv.consommateur.ConsommateurSauvegarde | 💾 Sauvegardé → ville=Amiens, valeur=25.55°C
2026-08-27 17:23:31.998 | INFO  | fr.upjv.consommateur.ConsommateurSauvegarde | 💾 Sauvegardé → ville=Arrondissement de Lyon, valeur=29.65°C
2026-08-27 17:24:32.077 | INFO  | fr.upjv.consommateur.ConsommateurMoyenne | 📊 [2026-08-27T17:24:32.063] ville=Paris | valeur=20.85°C | moy.glissante(5 pts)=20.85 °C
2026-08-27 17:24:32.078 | INFO  | fr.upjv.consommateur.ConsommateurMoyenne | 📊 [2026-08-27T17:24:32.066] ville=Arrondissement de Lyon | valeur=29.65°C | moy.glissante(5 pts)=29.65 °C
2026-08-27 17:24:32.080 | INFO  | fr.upjv.consommateur.ConsommateurMoyenne | 📊 [2026-08-27T17:24:32.067] ville=Amiens | valeur=25.55°C | moy.glissante(5 pts)=25.55 °C
2026-08-27 17:24:32.082 | INFO  | fr.upjv.consommateur.ConsommateurSauvegarde | 💾 Sauvegardé → ville=Paris, valeur=20.85°C
2026-08-27 17:24:32.086 | INFO  | fr.upjv.consommateur.ConsommateurSauvegarde | 💾 Sauvegardé → ville=Arrondissement de Lyon, valeur=29.65°C
2026-08-27 17:24:32.090 | INFO  | fr.upjv.consommateur.ConsommateurSauvegarde | 💾 Sauvegardé → ville=Amiens, valeur=25.55°C
2026-08-27 17:25:32.182 | INFO  | fr.upjv.consommateur.ConsommateurMoyenne | 📊 [2026-08-27T17:25:32.169] ville=Paris | valeur=20.57°C | moy.glissante(5 pts)=20.79 °C
2026-08-27 17:25:32.183 | INFO  | fr.upjv.consommateur.ConsommateurMoyenne | 📊 [2026-08-27T17:25:32.169] ville=Arrondissement de Lyon | valeur=29.28°C | moy.glissante(5 pts)=29.58 °C
2026-08-27 17:25:32.185 | INFO  | fr.upjv.consommateur.ConsommateurMoyenne | 📊 [2026-08-27T17:25:32.171] ville=Amiens | valeur=25.55°C | moy.glissante(5 pts)=25.55 °C
2026-08-27 17:25:32.189 | INFO  | fr.upjv.consommateur.ConsommateurSauvegarde | 💾 Sauvegardé → ville=Paris, valeur=20.57°C
2026-08-27 17:25:32.200 | INFO  | fr.upjv.consommateur.ConsommateurSauvegarde | 💾 Sauvegardé → ville=Arrondissement de Lyon, valeur=29.28°C
2026-08-27 17:25:32.204 | INFO  | fr.upjv.consommateur.ConsommateurSauvegarde | 💾 Sauvegardé → ville=Amiens, valeur=25.55°C
2026-08-27 17:26:32.284 | INFO  | fr.upjv.consommateur.ConsommateurMoyenne | 📊 [2026-08-27T17:26:32.263] ville=Amiens | valeur=25.55°C | moy.glissante(5 pts)=25.55 °C
2026-08-27 17:26:32.287 | INFO  | fr.upjv.consommateur.ConsommateurMoyenne | 📊 [2026-08-27T17:26:32.264] ville=Paris | valeur=20.57°C | moy.glissante(5 pts)=20.74 °C
2026-08-27 17:26:32.289 | INFO  | fr.upjv.consommateur.ConsommateurMoyenne | 📊 [2026-08-27T17:26:32.265] ville=Arrondissement de Lyon | valeur=29.28°C | moy.glissante(5 pts)=29.50 °C
2026-08-27 17:26:32.292 | INFO  | fr.upjv.consommateur.ConsommateurSauvegarde | 💾 Sauvegardé → ville=Amiens, valeur=25.55°C
2026-08-27 17:26:32.297 | INFO  | fr.upjv.consommateur.ConsommateurSauvegarde | 💾 Sauvegardé → ville=Paris, valeur=20.57°C
2026-08-27 17:26:32.304 | INFO  | fr.upjv.consommateur.ConsommateurSauvegarde | 💾 Sauvegardé → ville=Arrondissement de Lyon, valeur=29.28°C
2026-08-27 17:27:32.374 | INFO  | fr.upjv.consommateur.ConsommateurMoyenne | 📊 [2026-08-27T17:27:32.361] ville=Amiens | valeur=25.55°C | moy.glissante(5 pts)=25.55 °C
2026-08-27 17:27:32.378 | INFO  | fr.upjv.consommateur.ConsommateurSauvegarde | 💾 Sauvegardé → ville=Amiens, valeur=25.55°C
2026-08-27 17:27:32.382 | INFO  | fr.upjv.consommateur.ConsommateurMoyenne | 📊 [2026-08-27T17:27:32.362] ville=Arrondissement de Lyon | valeur=29.28°C | moy.glissante(5 pts)=29.43 °C
2026-08-27 17:27:32.383 | INFO  | fr.upjv.consommateur.ConsommateurSauvegarde | 💾 Sauvegardé → ville=Arrondissement de Lyon, valeur=29.28°C
2026-08-27 17:27:32.384 | INFO  | fr.upjv.consommateur.ConsommateurMoyenne | 📊 [2026-08-27T17:27:32.363] ville=Paris | valeur=20.57°C | moy.glissante(5 pts)=20.68 °C
2026-08-27 17:27:32.387 | INFO  | fr.upjv.consommateur.ConsommateurSauvegarde | 💾 Sauvegardé → ville=Paris, valeur=20.57°C
2026-08-27 17:28:32.466 | INFO  | fr.upjv.consommateur.ConsommateurMoyenne | 📊 [2026-08-27T17:28:32.453] ville=Arrondissement de Lyon | valeur=29.28°C | moy.glissante(5 pts)=29.35 °C
2026-08-27 17:28:32.467 | INFO  | fr.upjv.consommateur.ConsommateurMoyenne | 📊 [2026-08-27T17:28:32.454] ville=Paris | valeur=20.57°C | moy.glissante(5 pts)=20.63 °C
2026-08-27 17:28:32.468 | INFO  | fr.upjv.consommateur.ConsommateurMoyenne | 📊 [2026-08-27T17:28:32.455] ville=Amiens | valeur=25.55°C | moy.glissante(5 pts)=25.55 °C
2026-08-27 17:28:32.474 | INFO  | fr.upjv.consommateur.ConsommateurSauvegarde | 💾 Sauvegardé → ville=Arrondissement de Lyon, valeur=29.28°C
2026-08-27 17:28:32.485 | INFO  | fr.upjv.consommateur.ConsommateurSauvegarde | 💾 Sauvegardé → ville=Paris, valeur=20.57°C
2026-08-27 17:28:32.490 | INFO  | fr.upjv.consommateur.ConsommateurSauvegarde | 💾 Sauvegardé → ville=Amiens, valeur=25.55°C
2026-08-27 17:29:32.561 | INFO  | fr.upjv.consommateur.ConsommateurMoyenne | 📊 [2026-08-27T17:29:32.547] ville=Paris | valeur=20.57°C | moy.glissante(5 pts)=20.57 °C
2026-08-27 17:29:32.562 | INFO  | fr.upjv.consommateur.ConsommateurMoyenne | 📊 [2026-08-27T17:29:32.548] ville=Arrondissement de Lyon | valeur=29.28°C | moy.glissante(5 pts)=29.28 °C
2026-08-27 17:29:32.563 | INFO  | fr.upjv.consommateur.ConsommateurMoyenne | 📊 [2026-08-27T17:29:32.548] ville=Amiens | valeur=25.55°C | moy.glissante(5 pts)=25.55 °C
2026-08-27 17:29:32.566 | INFO  | fr.upjv.consommateur.ConsommateurSauvegarde | 💾 Sauvegardé → ville=Paris, valeur=20.57°C
2026-08-27 17:29:32.570 | INFO  | fr.upjv.consommateur.ConsommateurSauvegarde | 💾 Sauvegardé → ville=Arrondissement de Lyon, valeur=29.28°C
2026-08-27 17:29:32.574 | INFO  | fr.upjv.consommateur.ConsommateurSauvegarde | 💾 Sauvegardé → ville=Amiens, valeur=25.55°C
2026-08-27 17:30:32.662 | INFO  | fr.upjv.consommateur.ConsommateurMoyenne | 📊 [2026-08-27T17:30:32.647] ville=Arrondissement de Lyon | valeur=29.28°C | moy.glissante(5 pts)=29.28 °C
2026-08-27 17:30:32.663 | INFO  | fr.upjv.consommateur.ConsommateurMoyenne | 📊 [2026-08-27T17:30:32.647] ville=Amiens | valeur=25.55°C | moy.glissante(5 pts)=25.55 °C
2026-08-27 17:30:32.665 | INFO  | fr.upjv.consommateur.ConsommateurMoyenne | 📊 [2026-08-27T17:30:32.647] ville=Paris | valeur=20.45°C | moy.glissante(5 pts)=20.55 °C
2026-08-27 17:30:32.678 | INFO  | fr.upjv.consommateur.ConsommateurSauvegarde | 💾 Sauvegardé → ville=Arrondissement de Lyon, valeur=29.28°C
2026-08-27 17:30:32.683 | INFO  | fr.upjv.consommateur.ConsommateurSauvegarde | 💾 Sauvegardé → ville=Amiens, valeur=25.55°C
2026-08-27 17:30:32.691 | INFO  | fr.upjv.consommateur.ConsommateurSauvegarde | 💾 Sauvegardé → ville=Paris, valeur=20.45°C
2026-08-27 17:31:32.751 | INFO  | fr.upjv.consommateur.ConsommateurMoyenne | 📊 [2026-08-27T17:31:32.739] ville=Paris | valeur=20.45°C | moy.glissante(5 pts)=20.52 °C
2026-08-27 17:31:32.752 | INFO  | fr.upjv.consommateur.ConsommateurMoyenne | 📊 [2026-08-27T17:31:32.741] ville=Arrondissement de Lyon | valeur=29.28°C | moy.glissante(5 pts)=29.28 °C
2026-08-27 17:31:32.753 | INFO  | fr.upjv.consommateur.ConsommateurMoyenne | 📊 [2026-08-27T17:31:32.742] ville=Amiens | valeur=25.55°C | moy.glissante(5 pts)=25.55 °C
2026-08-27 17:31:32.757 | INFO  | fr.upjv.consommateur.ConsommateurSauvegarde | 💾 Sauvegardé → ville=Paris, valeur=20.45°C
2026-08-27 17:31:32.761 | INFO  | fr.upjv.consommateur.ConsommateurSauvegarde | 💾 Sauvegardé → ville=Arrondissement de Lyon, valeur=29.28°C
2026-08-27 17:31:32.765 | INFO  | fr.upjv.consommateur.ConsommateurSauvegarde | 💾 Sauvegardé → ville=Amiens, valeur=25.55°C
2026-08-27 17:32:32.839 | INFO  | fr.upjv.consommateur.ConsommateurMoyenne | 📊 [2026-08-27T17:32:32.826] ville=Arrondissement de Lyon | valeur=29.28°C | moy.glissante(5 pts)=29.28 °C
2026-08-27 17:32:32.841 | INFO  | fr.upjv.consommateur.ConsommateurMoyenne | 📊 [2026-08-27T17:32:32.828] ville=Amiens | valeur=25.55°C | moy.glissante(5 pts)=25.55 °C
2026-08-27 17:32:32.842 | INFO  | fr.upjv.consommateur.ConsommateurMoyenne | 📊 [2026-08-27T17:32:32.828] ville=Paris | valeur=20.45°C | moy.glissante(5 pts)=20.50 °C
2026-08-27 17:32:32.845 | INFO  | fr.upjv.consommateur.ConsommateurSauvegarde | 💾 Sauvegardé → ville=Arrondissement de Lyon, valeur=29.28°C
2026-08-27 17:32:32.851 | INFO  | fr.upjv.consommateur.ConsommateurSauvegarde | 💾 Sauvegardé → ville=Amiens, valeur=25.55°C
2026-08-27 17:32:32.856 | INFO  | fr.upjv.consommateur.ConsommateurSauvegarde | 💾 Sauvegardé → ville=Paris, valeur=20.45°C
2026-08-27 17:33:32.929 | INFO  | fr.upjv.consommateur.ConsommateurMoyenne | 📊 [2026-08-27T17:33:32.917] ville=Paris | valeur=20.45°C | moy.glissante(5 pts)=20.47 °C
2026-08-27 17:33:32.930 | INFO  | fr.upjv.consommateur.ConsommateurMoyenne | 📊 [2026-08-27T17:33:32.918] ville=Amiens | valeur=25.55°C | moy.glissante(5 pts)=25.55 °C
2026-08-27 17:33:32.930 | INFO  | fr.upjv.consommateur.ConsommateurMoyenne | 📊 [2026-08-27T17:33:32.919] ville=Arrondissement de Lyon | valeur=29.28°C | moy.glissante(5 pts)=29.28 °C
2026-08-27 17:33:32.934 | INFO  | fr.upjv.consommateur.ConsommateurSauvegarde | 💾 Sauvegardé → ville=Paris, valeur=20.45°C
2026-08-27 17:33:32.939 | INFO  | fr.upjv.consommateur.ConsommateurSauvegarde | 💾 Sauvegardé → ville=Amiens, valeur=25.55°C
2026-08-27 17:33:32.944 | INFO  | fr.upjv.consommateur.ConsommateurSauvegarde | 💾 Sauvegardé → ville=Arrondissement de Lyon, valeur=29.28°C
2026-08-27 17:34:33.019 | INFO  | fr.upjv.consommateur.ConsommateurMoyenne | 📊 [2026-08-27T17:34:33.006] ville=Amiens | valeur=25.55°C | moy.glissante(5 pts)=25.55 °C
2026-08-27 17:34:33.020 | INFO  | fr.upjv.consommateur.ConsommateurMoyenne | 📊 [2026-08-27T17:34:33.009] ville=Paris | valeur=20.45°C | moy.glissante(5 pts)=20.45 °C
2026-08-27 17:34:33.021 | INFO  | fr.upjv.consommateur.ConsommateurMoyenne | 📊 [2026-08-27T17:34:33.010] ville=Arrondissement de Lyon | valeur=29.28°C | moy.glissante(5 pts)=29.28 °C
2026-08-27 17:34:33.023 | INFO  | fr.upjv.consommateur.ConsommateurSauvegarde | 💾 Sauvegardé → ville=Amiens, valeur=25.55°C
2026-08-27 17:34:33.027 | INFO  | fr.upjv.consommateur.ConsommateurSauvegarde | 💾 Sauvegardé → ville=Paris, valeur=20.45°C
2026-08-27 17:34:33.031 | INFO  | fr.upjv.consommateur.ConsommateurSauvegarde | 💾 Sauvegardé → ville=Arrondissement de Lyon, valeur=29.28°C
2026-08-27 17:35:33.117 | INFO  | fr.upjv.consommateur.ConsommateurMoyenne | 📊 [2026-08-27T17:35:33.102] ville=Paris | valeur=20.45°C | moy.glissante(5 pts)=20.45 °C
2026-08-27 17:35:33.119 | INFO  | fr.upjv.consommateur.ConsommateurMoyenne | 📊 [2026-08-27T17:35:33.103] ville=Arrondissement de Lyon | valeur=29.15°C | moy.glissante(5 pts)=29.25 °C
2026-08-27 17:35:33.121 | INFO  | fr.upjv.consommateur.ConsommateurMoyenne | 📊 [2026-08-27T17:35:33.104] ville=Amiens | valeur=25.55°C | moy.glissante(5 pts)=25.55 °C
2026-08-27 17:35:33.125 | INFO  | fr.upjv.consommateur.ConsommateurSauvegarde | 💾 Sauvegardé → ville=Paris, valeur=20.45°C
2026-08-27 17:35:33.133 | INFO  | fr.upjv.consommateur.ConsommateurSauvegarde | 💾 Sauvegardé → ville=Arrondissement de Lyon, valeur=29.15°C
2026-08-27 17:35:33.139 | INFO  | fr.upjv.consommateur.ConsommateurSauvegarde | 💾 Sauvegardé → ville=Amiens, valeur=25.55°C
2026-08-27 17:36:33.208 | INFO  | fr.upjv.consommateur.ConsommateurMoyenne | 📊 [2026-08-27T17:36:33.196] ville=Paris | valeur=20.45°C | moy.glissante(5 pts)=20.45 °C
2026-08-27 17:36:33.209 | INFO  | fr.upjv.consommateur.ConsommateurMoyenne | 📊 [2026-08-27T17:36:33.196] ville=Amiens | valeur=25.55°C | moy.glissante(5 pts)=25.55 °C
2026-08-27 17:36:33.210 | INFO  | fr.upjv.consommateur.ConsommateurMoyenne | 📊 [2026-08-27T17:36:33.202] ville=Arrondissement de Lyon | valeur=29.15°C | moy.glissante(5 pts)=29.23 °C
2026-08-27 17:36:33.213 | INFO  | fr.upjv.consommateur.ConsommateurSauvegarde | 💾 Sauvegardé → ville=Paris, valeur=20.45°C
2026-08-27 17:36:33.218 | INFO  | fr.upjv.consommateur.ConsommateurSauvegarde | 💾 Sauvegardé → ville=Amiens, valeur=25.55°C
2026-08-27 17:36:33.221 | INFO  | fr.upjv.consommateur.ConsommateurSauvegarde | 💾 Sauvegardé → ville=Arrondissement de Lyon, valeur=29.15°C
2026-08-27 17:37:33.316 | INFO  | fr.upjv.consommateur.ConsommateurMoyenne | 📊 [2026-08-27T17:37:33.303] ville=Amiens | valeur=25.55°C | moy.glissante(5 pts)=25.55 °C
2026-08-27 17:37:33.317 | INFO  | fr.upjv.consommateur.ConsommateurMoyenne | 📊 [2026-08-27T17:37:33.303] ville=Arrondissement de Lyon | valeur=29.15°C | moy.glissante(5 pts)=29.20 °C
2026-08-27 17:37:33.318 | INFO  | fr.upjv.consommateur.ConsommateurMoyenne | 📊 [2026-08-27T17:37:33.303] ville=Paris | valeur=20.45°C | moy.glissante(5 pts)=20.45 °C
2026-08-27 17:37:33.322 | INFO  | fr.upjv.consommateur.ConsommateurSauvegarde | 💾 Sauvegardé → ville=Amiens, valeur=25.55°C
2026-08-27 17:37:33.327 | INFO  | fr.upjv.consommateur.ConsommateurSauvegarde | 💾 Sauvegardé → ville=Arrondissement de Lyon, valeur=29.15°C
2026-08-27 17:37:33.331 | INFO  | fr.upjv.consommateur.ConsommateurSauvegarde | 💾 Sauvegardé → ville=Paris, valeur=20.45°C
